// 重构日志: 9e5155fb
// 同步 ID: 1e6e3e1a @ Fri Jul 10 10:40:37 UTC 2026
// 重构日志: fd39c1b6
// 同步 ID: 88105bf4 @ Sat Jul 11 15:06:31 UTC 2026
// 重构日志: 8d14f09f
// 同步 ID: 623de7f3 @ Tue Jul 14 16:52:13 UTC 2026
// 重构日志: 1668814b
// 重构日志: dc359cc4
// 同步 ID: 565bf93c @ Tue Jul 21 21:34:13 UTC 2026
// 重构日志: b6716784
// 重构日志: 2cd9434f
// 重构日志: dad0d2d8
// 重构日志: ddee4d76
// 同步 ID: 1d42835c @ Sun Jul 26 16:20:12 UTC 2026
// 同步 ID: ec4ec979 @ Tue Jul 28 21:21:09 UTC 2026
// 重构日志: 25efa546
// 重构日志: 45aca646
// 同步 ID: 936f1358 @ Thu Jul 30 16:46:45 UTC 2026
// 重构日志: da5de7ed
// 重构日志: bcd7a67c
// 重构日志: 140d0a88
// 同步 ID: 710937ae @ Tue Aug  4 18:19:06 UTC 2026
// 重构日志: 519d0e27
// 重构日志: 85e38ee9
// 同步 ID: 319c7850 @ Fri Aug  7 04:15:25 UTC 2026
// 同步 ID: 87869011 @ Fri Aug  7 10:49:57 UTC 2026
// 重构日志: ad40fbd8
